cd /projects/erke2265/SNOWPACK_WAIS/spinup/io//site_1/input/
cd /projects/erke2265/SNOWPACK_WAIS/spinup/io//site_10/input/
cd /projects/erke2265/SNOWPACK_WAIS/spinup/io//site_11/input/
cd /projects/erke2265/SNOWPACK_WAIS/spinup/io//site_12/input/
cd /projects/erke2265/SNOWPACK_WAIS/spinup/io//site_13/input/
cd /projects/erke2265/SNOWPACK_WAIS/spinup/io//site_14/input/
cd /projects/erke2265/SNOWPACK_WAIS/spinup/io//site_15/input/
cd /projects/erke2265/SNOWPACK_WAIS/spinup/io//site_16/input/
cd /projects/erke2265/SNOWPACK_WAIS/spinup/io//site_17/input/
cd /projects/erke2265/SNOWPACK_WAIS/spinup/io//site_18/input/
cd /projects/erke2265/SNOWPACK_WAIS/spinup/io//site_19/input/
cd /projects/erke2265/SNOWPACK_WAIS/spinup/io//site_2/input/
cd /projects/erke2265/SNOWPACK_WAIS/spinup/io//site_20/input/
cd /projects/erke2265/SNOWPACK_WAIS/spinup/io//site_21/input/
cd /projects/erke2265/SNOWPACK_WAIS/spinup/io//site_3/input/
cd /projects/erke2265/SNOWPACK_WAIS/spinup/io//site_4/input/
cd /projects/erke2265/SNOWPACK_WAIS/spinup/io//site_5/input/
cd /projects/erke2265/SNOWPACK_WAIS/spinup/io//site_6/input/
cd /projects/erke2265/SNOWPACK_WAIS/spinup/io//site_7/input/
cd /projects/erke2265/SNOWPACK_WAIS/spinup/io//site_8/input/
cd /projects/erke2265/SNOWPACK_WAIS/spinup/io//site_9/input/
