bash run.sh site_10
bash run.sh site_11
bash run.sh site_12
bash run.sh site_13
bash run.sh site_14
bash run.sh site_15
bash run.sh site_16
bash run.sh site_17
bash run.sh site_18
bash run.sh site_19
bash run.sh site_1
bash run.sh site_20
bash run.sh site_21
bash run.sh site_22
bash run.sh site_23
bash run.sh site_24
bash run.sh site_25
bash run.sh site_26
bash run.sh site_27
bash run.sh site_28
bash run.sh site_29
bash run.sh site_2
bash run.sh site_30
bash run.sh site_31
bash run.sh site_32
bash run.sh site_33
bash run.sh site_34
bash run.sh site_35
bash run.sh site_36
bash run.sh site_37
bash run.sh site_38
bash run.sh site_39
bash run.sh site_3
bash run.sh site_40
bash run.sh site_41
bash run.sh site_42
bash run.sh site_43
bash run.sh site_44
bash run.sh site_45
bash run.sh site_46
bash run.sh site_47
bash run.sh site_48
bash run.sh site_49
bash run.sh site_4
bash run.sh site_50
bash run.sh site_51
bash run.sh site_52
bash run.sh site_53
bash run.sh site_54
bash run.sh site_55
bash run.sh site_56
bash run.sh site_57
bash run.sh site_58
bash run.sh site_59
bash run.sh site_5
bash run.sh site_60
bash run.sh site_61
bash run.sh site_62
bash run.sh site_63
bash run.sh site_64
bash run.sh site_6
bash run.sh site_7
bash run.sh site_8
bash run.sh site_9
