[Input]
STATION1=A3D_site_10
STATION2=A3D_site_11
STATION3=A3D_site_12
STATION4=A3D_site_13
STATION5=A3D_site_14
STATION6=A3D_site_15
STATION7=A3D_site_16
STATION8=A3D_site_17
STATION9=A3D_site_18
STATION10=A3D_site_19
STATION11=A3D_site_1
STATION12=A3D_site_20
STATION13=A3D_site_21
STATION14=A3D_site_22
STATION15=A3D_site_23
STATION16=A3D_site_24
STATION17=A3D_site_25
STATION18=A3D_site_26
STATION19=A3D_site_27
STATION20=A3D_site_28
STATION21=A3D_site_29
STATION22=A3D_site_2
STATION23=A3D_site_30
STATION24=A3D_site_31
STATION25=A3D_site_32
STATION26=A3D_site_33
STATION27=A3D_site_34
STATION28=A3D_site_35
STATION29=A3D_site_36
STATION30=A3D_site_37
STATION31=A3D_site_38
STATION32=A3D_site_39
STATION33=A3D_site_3
STATION34=A3D_site_40
STATION35=A3D_site_41
STATION36=A3D_site_42
STATION37=A3D_site_43
STATION38=A3D_site_44
STATION39=A3D_site_45
STATION40=A3D_site_46
STATION41=A3D_site_47
STATION42=A3D_site_48
STATION43=A3D_site_49
STATION44=A3D_site_4
STATION45=A3D_site_50
STATION46=A3D_site_51
STATION47=A3D_site_52
STATION48=A3D_site_53
STATION49=A3D_site_54
STATION50=A3D_site_55
STATION51=A3D_site_56
STATION52=A3D_site_57
STATION53=A3D_site_58
STATION54=A3D_site_59
STATION55=A3D_site_5
STATION56=A3D_site_60
STATION57=A3D_site_61
STATION58=A3D_site_62
STATION59=A3D_site_63
STATION60=A3D_site_64
STATION61=A3D_site_6
STATION62=A3D_site_7
STATION63=A3D_site_8
STATION64=A3D_site_9
